// Jest Snapshot v1, https://goo.gl/fbAQLP

exports[`<Exercises /> renders a snapshot successfully 1`] = `
<div>
  <h1
    className="title is-3"
  >
    Exercises
  </h1>
  <hr />
  <div
    className="notification is-warning"
  >
    <span>
      Please log in to submit an exercise.
    </span>
  </div>
  <div
    className="level"
  >
    <div
      className="level-left"
    >
      <div
        className="level-item"
      />
    </div>
    <div
      className="level-right"
    >
      <div
        className="level-item"
      />
    </div>
  </div>
</div>
`;
