// Jest Snapshot v1, https://goo.gl/fbAQLP

exports[`<Footer /> renders a snapshot successfully 1`] = `
<footer
  className="footer is-light is-fixed-bottom"
>
  <div
    className="container"
  >
    <div
      className="columns is-multiline"
    >
      <div
        className="column is-4"
      >
        <span>
          Copyright Â© 2020 Jarrod Chung
        </span>
      </div>
      <div
        className="column is-4"
      >
        <div
          className="row"
        />
      </div>
      <div
        className="column is-4"
      />
    </div>
  </div>
</footer>
`;
