// Jest Snapshot v1, https://goo.gl/fbAQLP

exports[`<UsersList /> renders a snapshot successfully 1`] = `
Array [
  <div
    className="level"
  >
    <div
      className="level-left"
    >
      <div
        className="level-item"
      >
        <p
          className="username"
        >
          test_user
        </p>
      </div>
    </div>
  </div>,
  <div
    className="level"
  >
    <div
      className="level-left"
    >
      <div
        className="level-item"
      >
        <p
          className="username"
        >
          test_user2
        </p>
      </div>
    </div>
  </div>,
]
`;
